Archive member included to satisfy reference by file (symbol)

/home/fe16/ac16438/linux/Desktop/applied-security/scale-hw/target/lpc1313fbd48/build/lib/libscale.a(scale.o)
                              /tmp/ccDKcz7D.o (scale_gpio_wr)
/home/fe16/ac16438/linux/Desktop/applied-security/scale-hw/target/lpc1313fbd48/build/lib/libscale.a(bsp.o)
                              /home/fe16/ac16438/linux/Desktop/applied-security/scale-hw/target/lpc1313fbd48/build/lib/libscale.a(scale.o) (scale_conf)
/home/fe16/ac16438/linux/Desktop/applied-security/scale-hw/target/lpc1313fbd48/build/lib/libscale.a(lpc13xx.o)
                              /home/fe16/ac16438/linux/Desktop/applied-security/scale-hw/target/lpc1313fbd48/build/lib/libscale.a(scale.o) (LPC13XX_SYSCON)
/home/fe16/ac16438/linux/Desktop/applied-security/scale-hw/target/lpc1313fbd48/build/lib/libscale.a(crt0.o)
                              (__irq_vector)
/opt/gcc-arm-none-eabi/7-2017-q4-major/bin/../lib/gcc/arm-none-eabi/7.2.1/../../../../arm-none-eabi/lib/thumb/v7-m/libc.a(lib_a-strlen-stub.o)
                              /tmp/ccDKcz7D.o (strlen)

Allocating common symbols
Common symbol       size              file

scale_conf          0x4               /home/fe16/ac16438/linux/Desktop/applied-security/scale-hw/target/lpc1313fbd48/build/lib/libscale.a(bsp.o)

Memory Configuration

Name             Origin             Length             Attributes
rom              0x0000000000000000 0x0000000000008000 xr
ram              0x0000000010000000 0x0000000000002000 xrw
*default*        0x0000000000000000 0xffffffffffffffff

Linker script and memory map

LOAD /tmp/ccDKcz7D.o
LOAD /home/fe16/ac16438/linux/Desktop/applied-security/scale-hw/target/lpc1313fbd48/build/lib/libscale.a
START GROUP
LOAD /opt/gcc-arm-none-eabi/7-2017-q4-major/bin/../lib/gcc/arm-none-eabi/7.2.1/thumb/v7-m/libgcc.a
LOAD /opt/gcc-arm-none-eabi/7-2017-q4-major/bin/../lib/gcc/arm-none-eabi/7.2.1/../../../../arm-none-eabi/lib/thumb/v7-m/libc.a
END GROUP
                0x0000000000000000                . = 0x0

.text           0x0000000000000000      0xbd4
                0x0000000000000000                __head_text = .
 *(.data.__irq_handler)
 .data.__irq_handler
                0x0000000000000000       0x40 /home/fe16/ac16438/linux/Desktop/applied-security/scale-hw/target/lpc1313fbd48/build/lib/libscale.a(crt0.o)
                0x0000000000000000                __irq_vector
 *(.text.__irq_handler)
 .text.__irq_handler
                0x0000000000000040       0x48 /home/fe16/ac16438/linux/Desktop/applied-security/scale-hw/target/lpc1313fbd48/build/lib/libscale.a(crt0.o)
                0x0000000000000040                __irq_handler_nul
                0x0000000000000042                __irq_handler_rst
 *(.text*)
 .text          0x0000000000000088      0x51c /tmp/ccDKcz7D.o
                0x0000000000000088                htoi
                0x00000000000000b0                itoh
                0x00000000000000c4                pfs
                0x00000000000000e4                _octetstr_rd
                0x000000000000012e                octetstr_rd
                0x0000000000000170                octetstr_wr
                0x00000000000001f2                aes_gf28_mulx
                0x0000000000000204                aes_gf28_mul
                0x0000000000000224                aes_gf28_inv
                0x0000000000000278                aes_enc_sbox
                0x00000000000002a6                sub_word
                0x00000000000002bc                rot_word
                0x00000000000002ce                aes_enc_exp_step
                0x0000000000000326                aes_enc_rnd_key
                0x0000000000000342                aes_enc_rnd_sub
                0x000000000000035a                aes_enc_rnd_row
                0x000000000000038e                aes_enc_rnd_mix
                0x00000000000004f0                aes_init
                0x00000000000004f2                aes
 .text.startup  0x00000000000005a4       0xc0 /tmp/ccDKcz7D.o
                0x00000000000005a4                main
 .text          0x0000000000000664      0x4dc /home/fe16/ac16438/linux/Desktop/applied-security/scale-hw/target/lpc1313fbd48/build/lib/libscale.a(scale.o)
                0x0000000000000664                scale_delay_us
                0x0000000000000680                scale_delay_ms
                0x0000000000000698                scale_tsc
                0x00000000000006a8                scale_gpio_rd
                0x00000000000006e4                scale_gpio_wr
                0x0000000000000734                scale_uart_rd_avail
                0x0000000000000744                scale_uart_wr_avail
                0x0000000000000754                scale_init
                0x0000000000000a08                scale_uart_rd
                0x0000000000000a20                scale_uart_wr
                0x0000000000000a38                scale_i2c_fsm
                0x0000000000000b2c                scale_i2c_rd
                0x0000000000000b36                scale_i2c_wr
 .text          0x0000000000000b40        0x0 /home/fe16/ac16438/linux/Desktop/applied-security/scale-hw/target/lpc1313fbd48/build/lib/libscale.a(bsp.o)
 .text          0x0000000000000b40        0x0 /home/fe16/ac16438/linux/Desktop/applied-security/scale-hw/target/lpc1313fbd48/build/lib/libscale.a(lpc13xx.o)
 .text.lpc13xx  0x0000000000000b40        0x8 /home/fe16/ac16438/linux/Desktop/applied-security/scale-hw/target/lpc1313fbd48/build/lib/libscale.a(lpc13xx.o)
                0x0000000000000b40                lpc13xx_irq_enable
                0x0000000000000b44                lpc13xx_irq_unable
 .text          0x0000000000000b48        0x0 /home/fe16/ac16438/linux/Desktop/applied-security/scale-hw/target/lpc1313fbd48/build/lib/libscale.a(crt0.o)
 .text.__start  0x0000000000000b48        0xa /home/fe16/ac16438/linux/Desktop/applied-security/scale-hw/target/lpc1313fbd48/build/lib/libscale.a(crt0.o)
                0x0000000000000b48                __start
 .text          0x0000000000000b52        0x0 /opt/gcc-arm-none-eabi/7-2017-q4-major/bin/../lib/gcc/arm-none-eabi/7.2.1/../../../../arm-none-eabi/lib/thumb/v7-m/libc.a(lib_a-strlen-stub.o)
 *fill*         0x0000000000000b52        0x2 
 .text.strlen   0x0000000000000b54       0x5c /opt/gcc-arm-none-eabi/7-2017-q4-major/bin/../lib/gcc/arm-none-eabi/7.2.1/../../../../arm-none-eabi/lib/thumb/v7-m/libc.a(lib_a-strlen-stub.o)
                0x0000000000000b54                strlen
 *(.text.*)
 *(.rodata*)
 .rodata        0x0000000000000bb0       0x10 /tmp/ccDKcz7D.o
 .rodata.str1.1
                0x0000000000000bc0       0x11 /tmp/ccDKcz7D.o
 *(.rodata.*)
                0x0000000000000bd4                . = ALIGN (0x4)
 *fill*         0x0000000000000bd1        0x3 
                0x0000000000000bd4                __foot_text = .

.glue_7         0x0000000000000bd4        0x0
 .glue_7        0x0000000000000bd4        0x0 linker stubs

.glue_7t        0x0000000000000bd4        0x0
 .glue_7t       0x0000000000000bd4        0x0 linker stubs

.vfp11_veneer   0x0000000000000bd4        0x0
 .vfp11_veneer  0x0000000000000bd4        0x0 linker stubs

.v4_bx          0x0000000000000bd4        0x0
 .v4_bx         0x0000000000000bd4        0x0 linker stubs

.iplt           0x0000000000000bd4        0x0
 .iplt          0x0000000000000bd4        0x0 /tmp/ccDKcz7D.o

.rel.dyn        0x0000000000000bd4        0x0
 .rel.iplt      0x0000000000000bd4        0x0 /tmp/ccDKcz7D.o

.data           0x0000000010000000       0x3c load address 0x0000000000000be0
                0x0000000010000000                __head_data = .
 *(.data)
 .data          0x0000000010000000        0xe /tmp/ccDKcz7D.o
                0x0000000010000000                hex_string
                0x0000000010000004                AES_RC
 .data          0x000000001000000e        0x4 /home/fe16/ac16438/linux/Desktop/applied-security/scale-hw/target/lpc1313fbd48/build/lib/libscale.a(scale.o)
                0x000000001000000e                SCALE_CONF
 .data          0x0000000010000012        0x0 /home/fe16/ac16438/linux/Desktop/applied-security/scale-hw/target/lpc1313fbd48/build/lib/libscale.a(bsp.o)
 .data          0x0000000010000012        0x0 /home/fe16/ac16438/linux/Desktop/applied-security/scale-hw/target/lpc1313fbd48/build/lib/libscale.a(lpc13xx.o)
 .data          0x0000000010000012        0x0 /home/fe16/ac16438/linux/Desktop/applied-security/scale-hw/target/lpc1313fbd48/build/lib/libscale.a(crt0.o)
 .data          0x0000000010000012        0x0 /opt/gcc-arm-none-eabi/7-2017-q4-major/bin/../lib/gcc/arm-none-eabi/7.2.1/../../../../arm-none-eabi/lib/thumb/v7-m/libc.a(lib_a-strlen-stub.o)
 *(.data.*)
 .data.lpc13xx  0x0000000010000012       0x28 /home/fe16/ac16438/linux/Desktop/applied-security/scale-hw/target/lpc1313fbd48/build/lib/libscale.a(lpc13xx.o)
                0x0000000010000012                LPC13XX_SYSCON
                0x0000000010000016                LPC13XX_IOCON
                0x000000001000001a                LPC13XX_GPIO0
                0x000000001000001e                LPC13XX_GPIO1
                0x0000000010000022                LPC13XX_GPIO2
                0x0000000010000026                LPC13XX_GPIO3
                0x000000001000002a                LPC13XX_UART
                0x000000001000002e                LPC13XX_I2C
                0x0000000010000032                LPC13XX_FMC
                0x0000000010000036                LPC13XX_SYSTICK
                0x000000001000003c                . = ALIGN (0x4)
 *fill*         0x000000001000003a        0x2 
                0x000000001000003c                __foot_data = .

.igot.plt       0x000000001000003c        0x0 load address 0x0000000000000c1c
 .igot.plt      0x000000001000003c        0x0 /tmp/ccDKcz7D.o

.bss            0x0000000010000040        0x8 load address 0x0000000000000c20
                0x0000000010000040                __head_bss = .
 *(.bss)
 .bss           0x0000000010000040        0x4 /tmp/ccDKcz7D.o
                0x0000000010000040                ghost
 .bss           0x0000000010000044        0x0 /home/fe16/ac16438/linux/Desktop/applied-security/scale-hw/target/lpc1313fbd48/build/lib/libscale.a(scale.o)
 .bss           0x0000000010000044        0x0 /home/fe16/ac16438/linux/Desktop/applied-security/scale-hw/target/lpc1313fbd48/build/lib/libscale.a(bsp.o)
 .bss           0x0000000010000044        0x0 /home/fe16/ac16438/linux/Desktop/applied-security/scale-hw/target/lpc1313fbd48/build/lib/libscale.a(lpc13xx.o)
 .bss           0x0000000010000044        0x0 /home/fe16/ac16438/linux/Desktop/applied-security/scale-hw/target/lpc1313fbd48/build/lib/libscale.a(crt0.o)
 .bss           0x0000000010000044        0x0 /opt/gcc-arm-none-eabi/7-2017-q4-major/bin/../lib/gcc/arm-none-eabi/7.2.1/../../../../arm-none-eabi/lib/thumb/v7-m/libc.a(lib_a-strlen-stub.o)
 *(.bss.*)
                0x0000000010000044                . = ALIGN (0x4)
                0x0000000010000044                __foot_bss = .
 COMMON         0x0000000010000044        0x4 /home/fe16/ac16438/linux/Desktop/applied-security/scale-hw/target/lpc1313fbd48/build/lib/libscale.a(bsp.o)
                0x0000000010000044                scale_conf
                [!provide]                        PROVIDE (__load_text, LOADADDR (.text))
                0x0000000000000be0                PROVIDE (__load_data, LOADADDR (.data))
                0x0000000000000c20                PROVIDE (__load_bss, LOADADDR (.bss))
                0x0000000010002000                PROVIDE (__tos, (ORIGIN (ram) + LENGTH (ram)))
OUTPUT(target.elf elf32-littlearm)

.comment        0x0000000000000000       0x7e
 .comment       0x0000000000000000       0x7e /tmp/ccDKcz7D.o
                                         0x7f (size before relaxing)
 .comment       0x000000000000007e       0x7f /home/fe16/ac16438/linux/Desktop/applied-security/scale-hw/target/lpc1313fbd48/build/lib/libscale.a(scale.o)
 .comment       0x000000000000007e       0x7f /home/fe16/ac16438/linux/Desktop/applied-security/scale-hw/target/lpc1313fbd48/build/lib/libscale.a(bsp.o)

.ARM.attributes
                0x0000000000000000       0x31
 .ARM.attributes
                0x0000000000000000       0x33 /tmp/ccDKcz7D.o
 .ARM.attributes
                0x0000000000000033       0x33 /home/fe16/ac16438/linux/Desktop/applied-security/scale-hw/target/lpc1313fbd48/build/lib/libscale.a(scale.o)
 .ARM.attributes
                0x0000000000000066       0x33 /home/fe16/ac16438/linux/Desktop/applied-security/scale-hw/target/lpc1313fbd48/build/lib/libscale.a(bsp.o)
 .ARM.attributes
                0x0000000000000099       0x21 /home/fe16/ac16438/linux/Desktop/applied-security/scale-hw/target/lpc1313fbd48/build/lib/libscale.a(lpc13xx.o)
 .ARM.attributes
                0x00000000000000ba       0x21 /home/fe16/ac16438/linux/Desktop/applied-security/scale-hw/target/lpc1313fbd48/build/lib/libscale.a(crt0.o)
 .ARM.attributes
                0x00000000000000db       0x2d /opt/gcc-arm-none-eabi/7-2017-q4-major/bin/../lib/gcc/arm-none-eabi/7.2.1/../../../../arm-none-eabi/lib/thumb/v7-m/libc.a(lib_a-strlen-stub.o)

.debug_frame    0x0000000000000000       0x20
 .debug_frame   0x0000000000000000       0x20 /opt/gcc-arm-none-eabi/7-2017-q4-major/bin/../lib/gcc/arm-none-eabi/7.2.1/../../../../arm-none-eabi/lib/thumb/v7-m/libc.a(lib_a-strlen-stub.o)
